Archive member included to satisfy reference by file (symbol)

C:/ST/STM32CubeIDE_2.1.0/STM32CubeIDE/plugins/com.st.stm32cube.ide.mcu.externaltools.gnu-tools-for-stm32.14.3.rel1.win32_1.0.100.202602081740/tools/bin/../lib/gcc/arm-none-eabi/14.3.1/../../../../arm-none-eabi/lib/thumb/v7e-m+fp/hard\libc_nano.a(libc_a-exit.o)
                              C:/ST/STM32CubeIDE_2.1.0/STM32CubeIDE/plugins/com.st.stm32cube.ide.mcu.externaltools.gnu-tools-for-stm32.14.3.rel1.win32_1.0.100.202602081740/tools/bin/../lib/gcc/arm-none-eabi/14.3.1/../../../../arm-none-eabi/lib/thumb/v7e-m+fp/hard/crt0.o (exit)
C:/ST/STM32CubeIDE_2.1.0/STM32CubeIDE/plugins/com.st.stm32cube.ide.mcu.externaltools.gnu-tools-for-stm32.14.3.rel1.win32_1.0.100.202602081740/tools/bin/../lib/gcc/arm-none-eabi/14.3.1/../../../../arm-none-eabi/lib/thumb/v7e-m+fp/hard\libc_nano.a(libc_a-findfp.o)
                              C:/ST/STM32CubeIDE_2.1.0/STM32CubeIDE/plugins/com.st.stm32cube.ide.mcu.externaltools.gnu-tools-for-stm32.14.3.rel1.win32_1.0.100.202602081740/tools/bin/../lib/gcc/arm-none-eabi/14.3.1/../../../../arm-none-eabi/lib/thumb/v7e-m+fp/hard\libc_nano.a(libc_a-exit.o) (__stdio_exit_handler)
C:/ST/STM32CubeIDE_2.1.0/STM32CubeIDE/plugins/com.st.stm32cube.ide.mcu.externaltools.gnu-tools-for-stm32.14.3.rel1.win32_1.0.100.202602081740/tools/bin/../lib/gcc/arm-none-eabi/14.3.1/../../../../arm-none-eabi/lib/thumb/v7e-m+fp/hard\libc_nano.a(libc_a-fwalk.o)
                              C:/ST/STM32CubeIDE_2.1.0/STM32CubeIDE/plugins/com.st.stm32cube.ide.mcu.externaltools.gnu-tools-for-stm32.14.3.rel1.win32_1.0.100.202602081740/tools/bin/../lib/gcc/arm-none-eabi/14.3.1/../../../../arm-none-eabi/lib/thumb/v7e-m+fp/hard\libc_nano.a(libc_a-findfp.o) (_fwalk_sglue)
C:/ST/STM32CubeIDE_2.1.0/STM32CubeIDE/plugins/com.st.stm32cube.ide.mcu.externaltools.gnu-tools-for-stm32.14.3.rel1.win32_1.0.100.202602081740/tools/bin/../lib/gcc/arm-none-eabi/14.3.1/../../../../arm-none-eabi/lib/thumb/v7e-m+fp/hard\libc_nano.a(libc_a-stdio.o)
                              C:/ST/STM32CubeIDE_2.1.0/STM32CubeIDE/plugins/com.st.stm32cube.ide.mcu.externaltools.gnu-tools-for-stm32.14.3.rel1.win32_1.0.100.202602081740/tools/bin/../lib/gcc/arm-none-eabi/14.3.1/../../../../arm-none-eabi/lib/thumb/v7e-m+fp/hard\libc_nano.a(libc_a-findfp.o) (__sread)
C:/ST/STM32CubeIDE_2.1.0/STM32CubeIDE/plugins/com.st.stm32cube.ide.mcu.externaltools.gnu-tools-for-stm32.14.3.rel1.win32_1.0.100.202602081740/tools/bin/../lib/gcc/arm-none-eabi/14.3.1/../../../../arm-none-eabi/lib/thumb/v7e-m+fp/hard\libc_nano.a(libc_a-memset.o)
                              C:/ST/STM32CubeIDE_2.1.0/STM32CubeIDE/plugins/com.st.stm32cube.ide.mcu.externaltools.gnu-tools-for-stm32.14.3.rel1.win32_1.0.100.202602081740/tools/bin/../lib/gcc/arm-none-eabi/14.3.1/../../../../arm-none-eabi/lib/thumb/v7e-m+fp/hard/crt0.o (memset)
C:/ST/STM32CubeIDE_2.1.0/STM32CubeIDE/plugins/com.st.stm32cube.ide.mcu.externaltools.gnu-tools-for-stm32.14.3.rel1.win32_1.0.100.202602081740/tools/bin/../lib/gcc/arm-none-eabi/14.3.1/../../../../arm-none-eabi/lib/thumb/v7e-m+fp/hard\libc_nano.a(libc_a-closer.o)
                              C:/ST/STM32CubeIDE_2.1.0/STM32CubeIDE/plugins/com.st.stm32cube.ide.mcu.externaltools.gnu-tools-for-stm32.14.3.rel1.win32_1.0.100.202602081740/tools/bin/../lib/gcc/arm-none-eabi/14.3.1/../../../../arm-none-eabi/lib/thumb/v7e-m+fp/hard\libc_nano.a(libc_a-stdio.o) (_close_r)
C:/ST/STM32CubeIDE_2.1.0/STM32CubeIDE/plugins/com.st.stm32cube.ide.mcu.externaltools.gnu-tools-for-stm32.14.3.rel1.win32_1.0.100.202602081740/tools/bin/../lib/gcc/arm-none-eabi/14.3.1/../../../../arm-none-eabi/lib/thumb/v7e-m+fp/hard\libc_nano.a(libc_a-reent.o)
                              C:/ST/STM32CubeIDE_2.1.0/STM32CubeIDE/plugins/com.st.stm32cube.ide.mcu.externaltools.gnu-tools-for-stm32.14.3.rel1.win32_1.0.100.202602081740/tools/bin/../lib/gcc/arm-none-eabi/14.3.1/../../../../arm-none-eabi/lib/thumb/v7e-m+fp/hard\libc_nano.a(libc_a-closer.o) (errno)
C:/ST/STM32CubeIDE_2.1.0/STM32CubeIDE/plugins/com.st.stm32cube.ide.mcu.externaltools.gnu-tools-for-stm32.14.3.rel1.win32_1.0.100.202602081740/tools/bin/../lib/gcc/arm-none-eabi/14.3.1/../../../../arm-none-eabi/lib/thumb/v7e-m+fp/hard\libc_nano.a(libc_a-impure.o)
                              C:/ST/STM32CubeIDE_2.1.0/STM32CubeIDE/plugins/com.st.stm32cube.ide.mcu.externaltools.gnu-tools-for-stm32.14.3.rel1.win32_1.0.100.202602081740/tools/bin/../lib/gcc/arm-none-eabi/14.3.1/../../../../arm-none-eabi/lib/thumb/v7e-m+fp/hard\libc_nano.a(libc_a-reent.o) (_impure_ptr)
C:/ST/STM32CubeIDE_2.1.0/STM32CubeIDE/plugins/com.st.stm32cube.ide.mcu.externaltools.gnu-tools-for-stm32.14.3.rel1.win32_1.0.100.202602081740/tools/bin/../lib/gcc/arm-none-eabi/14.3.1/../../../../arm-none-eabi/lib/thumb/v7e-m+fp/hard\libc_nano.a(libc_a-lseekr.o)
[...]
Memory Configuration

Name             Origin             Length             Attributes
RAM              0x20000000         0x00008000         xrw
FLASH            0x08000000         0x00020000         xr
*default*        0x00000000         0xffffffff

Linker script and memory map

LOAD C:/ST/STM32CubeIDE_2.1.0/STM32CubeIDE/plugins/com.st.stm32cube.ide.mcu.externaltools.gnu-tools-for-stm32.14.3.rel1.win32_1.0.100.202602081740/tools/bin/../lib/gcc/arm-none-eabi/14.3.1/thumb/v7e-m+fp/hard/crti.o
LOAD C:/ST/STM32CubeIDE_2.1.0/STM32CubeIDE/plugins/com.st.stm32cube.ide.mcu.externaltools.gnu-tools-for-stm32.14.3.rel1.win32_1.0.100.202602081740/tools/bin/../lib/gcc/arm-none-eabi/14.3.1/thumb/v7e-m+fp/hard/crtbegin.o
LOAD C:/ST/STM32CubeIDE_2.1.0/STM32CubeIDE/plugins/com.st.stm32cube.ide.mcu.externaltools.gnu-tools-for-stm32.14.3.rel1.win32_1.0.100.202602081740/tools/bin/../lib/gcc/arm-none-eabi/14.3.1/../../../../arm-none-eabi/lib/thumb/v7e-m+fp/hard/crt0.o
LOAD ./Core/Src/main.o
LOAD ./Core/Src/stm32g4xx_hal_msp.o
LOAD ./Core/Src/stm32g4xx_it.o
LOAD ./Core/Src/syscalls.o
LOAD ./Core/Src/sysmem.o
LOAD ./Core/Src/system_stm32g4xx.o
LOAD ./Core/Startup/startup_stm32g431kbux.o
LOAD ./Drivers/STM32G4xx_HAL_Driver/Src/stm32g4xx_hal.o
LOAD ./Drivers/STM32G4xx_HAL_Driver/Src/stm32g4xx_hal_adc.o
LOAD ./Drivers/STM32G4xx_HAL_Driver/Src/stm32g4xx_hal_adc_ex.o
LOAD ./Drivers/STM32G4xx_HAL_Driver/Src/stm32g4xx_hal_cortex.o
LOAD ./Drivers/STM32G4xx_HAL_Driver/Src/stm32g4xx_hal_dma.o
LOAD ./Drivers/STM32G4xx_HAL_Driver/Src/stm32g4xx_hal_dma_ex.o
LOAD ./Drivers/STM32G4xx_HAL_Driver/Src/stm32g4xx_hal_exti.o
LOAD ./Drivers/STM32G4xx_HAL_Driver/Src/stm32g4xx_hal_flash.o
LOAD ./Drivers/STM32G4xx_HAL_Driver/Src/stm32g4xx_hal_flash_ex.o
LOAD ./Drivers/STM32G4xx_HAL_Driver/Src/stm32g4xx_hal_flash_ramfunc.o
LOAD ./Drivers/STM32G4xx_HAL_Driver/Src/stm32g4xx_hal_gpio.o
LOAD ./Drivers/STM32G4xx_HAL_Driver/Src/stm32g4xx_hal_i2s.o
LOAD ./Drivers/STM32G4xx_HAL_Driver/Src/stm32g4xx_hal_pwr.o
LOAD ./Drivers/STM32G4xx_HAL_Driver/Src/stm32g4xx_hal_pwr_ex.o
LOAD ./Drivers/STM32G4xx_HAL_Driver/Src/stm32g4xx_hal_rcc.o
LOAD ./Drivers/STM32G4xx_HAL_Driver/Src/stm32g4xx_hal_rcc_ex.o
LOAD ./Drivers/STM32G4xx_HAL_Driver/Src/stm32g4xx_hal_spi.o
LOAD ./Drivers/STM32G4xx_HAL_Driver/Src/stm32g4xx_hal_spi_ex.o
LOAD ./Drivers/STM32G4xx_HAL_Driver/Src/stm32g4xx_ll_adc.o
LOAD ./FATFS/App/app_fatfs.o
LOAD ./FATFS/Target/user_diskio.o
LOAD ./Middlewares/Third_Party/FatFs/src/diskio.o
LOAD ./Middlewares/Third_Party/FatFs/src/ff.o
LOAD ./Middlewares/Third_Party/FatFs/src/ff_gen_drv.o
LOAD ./Middlewares/Third_Party/FatFs/src/option/syscall.o
START GROUP
LOAD C:/ST/STM32CubeIDE_2.1.0/STM32CubeIDE/plugins/com.st.stm32cube.ide.mcu.externaltools.gnu-tools-for-stm32.14.3.rel1.win32_1.0.100.202602081740/tools/bin/../lib/gcc/arm-none-eabi/14.3.1/../../../../arm-none-eabi/lib/thumb/v7e-m+fp/hard\libc_nano.a
LOAD C:/ST/STM32CubeIDE_2.1.0/STM32CubeIDE/plugins/com.st.stm32cube.ide.mcu.externaltools.gnu-tools-for-stm32.14.3.rel1.win32_1.0.100.202602081740/tools/bin/../lib/gcc/arm-none-eabi/14.3.1/../../../../arm-none-eabi/lib/thumb/v7e-m+fp/hard\libm.a
END GROUP
START GROUP
LOAD C:/ST/STM32CubeIDE_2.1.0/STM32CubeIDE/plugins/com.st.stm32cube.ide.mcu.externaltools.gnu-tools-for-stm32.14.3.rel1.win32_1.0.100.202602081740/tools/bin/../lib/gcc/arm-none-eabi/14.3.1/thumb/v7e-m+fp/hard\libgcc.a
LOAD C:/ST/STM32CubeIDE_2.1.0/STM32CubeIDE/plugins/com.st.stm32cube.ide.mcu.externaltools.gnu-tools-for-stm32.14.3.rel1.win32_1.0.100.202602081740/tools/bin/../lib/gcc/arm-none-eabi/14.3.1/../../../../arm-none-eabi/lib/thumb/v7e-m+fp/hard\libc_nano.a
END GROUP
START GROUP
LOAD C:/ST/STM32CubeIDE_2.1.0/STM32CubeIDE/plugins/com.st.stm32cube.ide.mcu.externaltools.gnu-tools-for-stm32.14.3.rel1.win32_1.0.100.202602081740/tools/bin/../lib/gcc/arm-none-eabi/14.3.1/thumb/v7e-m+fp/hard\libgcc.a
LOAD C:/ST/STM32CubeIDE_2.1.0/STM32CubeIDE/plugins/com.st.stm32cube.ide.mcu.externaltools.gnu-tools-for-stm32.14.3.rel1.win32_1.0.100.202602081740/tools/bin/../lib/gcc/arm-none-eabi/14.3.1/../../../../arm-none-eabi/lib/thumb/v7e-m+fp/hard\libc_nano.a
LOAD C:/ST/STM32CubeIDE_2.1.0/STM32CubeIDE/plugins/com.st.stm32cube.ide.mcu.externaltools.gnu-tools-for-stm32.14.3.rel1.win32_1.0.100.202602081740/tools/bin/../lib/gcc/arm-none-eabi/14.3.1/../../../../arm-none-eabi/lib/thumb/v7e-m+fp/hard\libnosys.a
END GROUP
START GROUP
LOAD C:/ST/STM32CubeIDE_2.1.0/STM32CubeIDE/plugins/com.st.stm32cube.ide.mcu.externaltools.gnu-tools-for-stm32.14.3.rel1.win32_1.0.100.202602081740/tools/bin/../lib/gcc/arm-none-eabi/14.3.1/thumb/v7e-m+fp/hard\libgcc.a
LOAD C:/ST/STM32CubeIDE_2.1.0/STM32CubeIDE/plugins/com.st.stm32cube.ide.mcu.externaltools.gnu-tools-for-stm32.14.3.rel1.win32_1.0.100.202602081740/tools/bin/../lib/gcc/arm-none-eabi/14.3.1/../../../../arm-none-eabi/lib/thumb/v7e-m+fp/hard\libc_nano.a
LOAD C:/ST/STM32CubeIDE_2.1.0/STM32CubeIDE/plugins/com.st.stm32cube.ide.mcu.externaltools.gnu-tools-for-stm32.14.3.rel1.win32_1.0.100.202602081740/tools/bin/../lib/gcc/arm-none-eabi/14.3.1/../../../../arm-none-eabi/lib/thumb/v7e-m+fp/hard\libnosys.a
END GROUP
LOAD C:/ST/STM32CubeIDE_2.1.0/STM32CubeIDE/plugins/com.st.stm32cube.ide.mcu.externaltools.gnu-tools-for-stm32.14.3.rel1.win32_1.0.100.202602081740/tools/bin/../lib/gcc/arm-none-eabi/14.3.1/thumb/v7e-m+fp/hard/crtend.o
LOAD C:/ST/STM32CubeIDE_2.1.0/STM32CubeIDE/plugins/com.st.stm32cube.ide.mcu.externaltools.gnu-tools-for-stm32.14.3.rel1.win32_1.0.100.202602081740/tools/bin/../lib/gcc/arm-none-eabi/14.3.1/thumb/v7e-m+fp/hard/crtn.o
                0x20008000                        _estack = (ORIGIN (RAM) + LENGTH (RAM))
                0x00000200                        _Min_Heap_Size = 0x200
                0x00000400                        _Min_Stack_Size = 0x400

.isr_vector     0x08000000      0x1d8
                0x08000000                        . = ALIGN (0x4)
 *(.isr_vector)
 .isr_vector    0x08000000      0x1d8 ./Core/Startup/startup_stm32g431kbux.o
                0x08000000                g_pfnVectors
                0x080001d8                        . = ALIGN (0x4)

.text           0x080001d8     0x6e08
                0x080001d8                        . = ALIGN (0x4)
 *(.text)
 .text          0x080001d8       0x40 C:/ST/STM32CubeIDE_2.1.0/STM32CubeIDE/plugins/com.st.stm32cube.ide.mcu.externaltools.gnu-tools-for-stm32.14.3.rel1.win32_1.0.100.202602081740/tools/bin/../lib/gcc/arm-none-eabi/14.3.1/thumb/v7e-m+fp/hard/crtbegin.o
 *(.text*)
 .text.main     0x08000218      0x1cc ./Core/Src/main.o
                0x08000218                main
 .text.SystemClock_Config
                0x080003e4       0x96 ./Core/Src/main.o
                0x080003e4                SystemClock_Config
 *fill*         0x0800047a        0x2 
 .text.MX_ADC1_Init
                0x0800047c       0xf0 ./Core/Src/main.o
 .text.MX_I2S2_Init
                0x0800056c       0x50 ./Core/Src/main.o
 .text.MX_SPI1_Init
                0x080005bc       0x7c ./Core/Src/main.o
 .text.MX_DMA_Init
                0x08000638       0x54 ./Core/Src/main.o
 .text.MX_GPIO_Init
                0x0800068c       0xd8 ./Core/Src/main.o
 .text.HAL_I2S_RxCpltCallback
                0x08000764       0x2c ./Core/Src/main.o
                0x08000764                HAL_I2S_RxCpltCallback
 .text.Error_Handler
                0x08000790        0xc ./Core/Src/main.o
                0x08000790                Error_Handler
 .text.HAL_MspInit
                0x0800079c       0x48 ./Core/Src/stm32g4xx_hal_msp.o
                0x0800079c                HAL_MspInit
 .text.HAL_ADC_MspInit
                0x080007e4       0xa8 ./Core/Src/stm32g4xx_hal_msp.o
                0x080007e4                HAL_ADC_MspInit
 .text.HAL_I2S_MspInit
                0x0800088c      0x150 ./Core/Src/stm32g4xx_hal_msp.o
                0x0800088c                HAL_I2S_MspInit
 .text.HAL_SPI_MspInit
                0x080009dc       0x88 ./Core/Src/stm32g4xx_hal_msp.o
                0x080009dc                HAL_SPI_MspInit
 .text.NMI_Handler
                0x08000a64        0x8 ./Core/Src/stm32g4xx_it.o
                0x08000a64                NMI_Handler
 .text.HardFault_Handler
                0x08000a6c        0x8 ./Core/Src/stm32g4xx_it.o
                0x08000a6c                HardFault_Handler
 .text.MemManage_Handler
                0x08000a74        0x8 ./Core/Src/stm32g4xx_it.o
                0x08000a74                MemManage_Handler
 .text.BusFault_Handler
                0x08000a7c        0x8 ./Core/Src/stm32g4xx_it.o
                0x08000a7c                BusFault_Handler
 .text.UsageFault_Handler
                0x08000a84        0x8 ./Core/Src/stm32g4xx_it.o
                0x08000a84                UsageFault_Handler
 .text.SVC_Handler
                0x08000a8c        0xe ./Core/Src/stm32g4xx_it.o
                0x08000a8c                SVC_Handler
 .text.DebugMon_Handler
                0x08000a9a        0xe ./Core/Src/stm32g4xx_it.o
                0x08000a9a                DebugMon_Handler
 .text.PendSV_Handler
                0x08000aa8        0xe ./Core/Src/stm32g4xx_it.o
                0x08000aa8                PendSV_Handler
 .text.SysTick_Handler
                0x08000ab6        0xc ./Core/Src/stm32g4xx_it.o
                0x08000ab6                SysTick_Handler
 *fill*         0x08000ac2        0x2 
 .text.DMA1_Channel1_IRQHandler
                0x08000ac4       0x14 ./Core/Src/stm32g4xx_it.o
                0x08000ac4                DMA1_Channel1_IRQHandler
 .text.SystemInit
                0x08000ad8       0x24 ./Core/Src/system_stm32g4xx.o
                0x08000ad8                SystemInit
 .text.Reset_Handler
                0x08000afc       0x50 ./Core/Startup/startup_stm32g431kbux.o
                0x08000afc                Reset_Handler
 .text.Default_Handler
                0x08000b4c        0x2 ./Core/Startup/startup_stm32g431kbux.o
                0x08000b4c                RTC_Alarm_IRQHandler
                0x08000b4c                EXTI2_IRQHandler
                0x08000b4c                TIM8_TRG_COM_IRQHandler
                0x08000b4c                TIM8_CC_IRQHandler
                0x08000b4c                TIM1_CC_IRQHandler
                0x08000b4c                USB_HP_IRQHandler
                0x08000b4c                CORDIC_IRQHandler
                0x08000b4c                EXTI3_IRQHandler
                0x08000b4c                I2C3_ER_IRQHandler
                0x08000b4c                EXTI0_IRQHandler
                0x08000b4c                I2C2_EV_IRQHandler
                0x08000b4c                FPU_IRQHandler
                0x08000b4c                FDCAN1_IT1_IRQHandler
                0x08000b4c                TIM1_UP_TIM16_IRQHandler
                0x08000b4c                ADC1_2_IRQHandler
                0x08000b4c                SPI1_IRQHandler
                0x08000b4c                TIM6_DAC_IRQHandler
                0x08000b4c                TIM8_UP_IRQHandler
                0x08000b4c                DMA2_Channel2_IRQHandler
                0x08000b4c                DMA1_Channel4_IRQHandler
                0x08000b4c                USART3_IRQHandler
                0x08000b4c                TIM4_IRQHandler
                0x08000b4c                DMA2_Channel1_IRQHandler
                0x08000b4c                I2C1_EV_IRQHandler
                0x08000b4c                DMA1_Channel6_IRQHandler
                0x08000b4c                UART4_IRQHandler
                0x08000b4c                DMA2_Channel4_IRQHandler
                0x08000b4c                TIM3_IRQHandler
                0x08000b4c                RCC_IRQHandler
                0x08000b4c                Default_Handler
                0x08000b4c                RTC_TAMP_LSECSS_IRQHandler
                0x08000b4c                FMAC_IRQHandler
                0x08000b4c                EXTI15_10_IRQHandler
                0x08000b4c                TIM7_IRQHandler
                0x08000b4c                UCPD1_IRQHandler
                0x08000b4c                I2C3_EV_IRQHandler
                0x08000b4c                EXTI9_5_IRQHandler
                0x08000b4c                RTC_WKUP_IRQHandler
                0x08000b4c                PVD_PVM_IRQHandler
                0x08000b4c                SPI2_IRQHandler
                0x08000b4c                DMA2_Channel5_IRQHandler
                0x08000b4c                CRS_IRQHandler
                0x08000b4c                DMA1_Channel5_IRQHandler
                0x08000b4c                USB_LP_IRQHandler
                0x08000b4c                EXTI4_IRQHandler
                0x08000b4c                RNG_IRQHandler
                0x08000b4c                TIM1_TRG_COM_TIM17_IRQHandler
                0x08000b4c                DMA1_Channel3_IRQHandler
                0x08000b4c                WWDG_IRQHandler
                0x08000b4c                LPUART1_IRQHandler
                0x08000b4c                DMA2_Channel6_IRQHandler
                0x08000b4c                FDCAN1_IT0_IRQHandler
                0x08000b4c                TIM2_IRQHandler
                0x08000b4c                COMP1_2_3_IRQHandler
                0x08000b4c                EXTI1_IRQHandler
                0x08000b4c                USART2_IRQHandler
                0x08000b4c                I2C2_ER_IRQHandler
                0x08000b4c                DMA1_Channel2_IRQHandler
                0x08000b4c                TIM8_BRK_IRQHandler
                0x08000b4c                FLASH_IRQHandler
                0x08000b4c                USART1_IRQHandler
                0x08000b4c                SPI3_IRQHandler
                0x08000b4c                I2C1_ER_IRQHandler
                0x08000b4c                LPTIM1_IRQHandler
                0x08000b4c                DMAMUX_OVR_IRQHandler
                0x08000b4c                USBWakeUp_IRQHandler
                0x08000b4c                SAI1_IRQHandler
                0x08000b4c                DMA2_Channel3_IRQHandler
                0x08000b4c                COMP4_IRQHandler
                0x08000b4c                TIM1_BRK_TIM15_IRQHandler
 .text.HAL_Init
                0x08000b4e       0x30 ./Drivers/STM32G4xx_HAL_Driver/Src/stm32g4xx_hal.o
                0x08000b4e                HAL_Init
 *fill*         0x08000b7e        0x2 
 .text.HAL_InitTick
                0x08000b80       0x74 ./Drivers/STM32G4xx_HAL_Driver/Src/stm32g4xx_hal.o
                0x08000b80                HAL_InitTick
 .text.HAL_IncTick
                0x08000bf4       0x24 ./Drivers/STM32G4xx_HAL_Driver/Src/stm32g4xx_hal.o
                0x08000bf4                HAL_IncTick
 .text.HAL_GetTick
                0x08000c18       0x18 ./Drivers/STM32G4xx_HAL_Driver/Src/stm32g4xx_hal.o
                0x08000c18                HAL_GetTick
 .text.LL_ADC_SetCommonClock
                0x08000c30       0x26 ./Drivers/STM32G4xx_HAL_Driver/Src/stm32g4xx_hal_adc.o
 .text.LL_ADC_SetCommonPathInternalCh
                0x08000c56       0x26 ./Drivers/STM32G4xx_HAL_Driver/Src/stm32g4xx_hal_adc.o
 .text.LL_ADC_GetCommonPathInternalCh
                0x08000c7c       0x1c ./Drivers/STM32G4xx_HAL_Driver/Src/stm32g4xx_hal_adc.o
 .text.LL_ADC_SetOffset
                0x08000c98       0x48 ./Drivers/STM32G4xx_HAL_Driver/Src/stm32g4xx_hal_adc.o
 .text.LL_ADC_GetOffsetChannel
                0x08000ce0       0x2c ./Drivers/STM32G4xx_HAL_Driver/Src/stm32g4xx_hal_adc.o
 .text.LL_ADC_SetOffsetState
                0x08000d0c       0x36 ./Drivers/STM32G4xx_HAL_Driver/Src/stm32g4xx_hal_adc.o
 .text.LL_ADC_SetOffsetSign
                0x08000d42       0x36 ./Drivers/STM32G4xx_HAL_Driver/Src/stm32g4xx_hal_adc.o
 .text.LL_ADC_SetOffsetSaturation
                0x08000d78       0x36 ./Drivers/STM32G4xx_HAL_Driver/Src/stm32g4xx_hal_adc.o
 .text.LL_ADC_SetSamplingTimeCommonConfig
                0x08000dae       0x26 ./Drivers/STM32G4xx_HAL_Driver/Src/stm32g4xx_hal_adc.o
 .text.LL_ADC_REG_SetSequencerRanks
                0x08000dd4       0x58 ./Drivers/STM32G4xx_HAL_Driver/Src/stm32g4xx_hal_adc.o
 .text.LL_ADC_SetChannelSamplingTime
                0x08000e2c       0x56 ./Drivers/STM32G4xx_HAL_Driver/Src/stm32g4xx_hal_adc.o
 *fill*         0x08000e82        0x2 
 .text.LL_ADC_SetChannelSingleDiff
                0x08000e84       0x48 ./Drivers/STM32G4xx_HAL_Driver/Src/stm32g4xx_hal_adc.o
 .text.LL_ADC_DisableDeepPowerDown
                0x08000ecc       0x24 ./Drivers/STM32G4xx_HAL_Driver/Src/stm32g4xx_hal_adc.o
 .text.LL_ADC_IsDeepPowerDownEnabled
                0x08000ef0       0x28 ./Drivers/STM32G4xx_HAL_Driver/Src/stm32g4xx_hal_adc.o
 .text.LL_ADC_EnableInternalRegulator
                0x08000f18       0x28 ./Drivers/STM32G4xx_HAL_Driver/Src/stm32g4xx_hal_adc.o
 .text.LL_ADC_IsInternalRegulatorEnabled
                0x08000f40       0x28 ./Drivers/STM32G4xx_HAL_Driver/Src/stm32g4xx_hal_adc.o
 .text.LL_ADC_IsEnabled
                0x08000f68       0x26 ./Drivers/STM32G4xx_HAL_Driver/Src/stm32g4xx_hal_adc.o
 .text.LL_ADC_REG_IsConversionOngoing
                0x08000f8e       0x26 ./Drivers/STM32G4xx_HAL_Driver/Src/stm32g4xx_hal_adc.o
 .text.LL_ADC_INJ_IsConversionOngoing
                0x08000fb4       0x26 ./Drivers/STM32G4xx_HAL_Driver/Src/stm32g4xx_hal_adc.o
 *fill*         0x08000fda        0x2 
 .text.HAL_ADC_Init
                0x08000fdc      0x308 ./Drivers/STM32G4xx_HAL_Driver/Src/stm32g4xx_hal_adc.o
                0x08000fdc                HAL_ADC_Init
 .text.HAL_ADC_ConfigChannel
                0x080012e4      0x7e0 ./Drivers/STM32G4xx_HAL_Driver/Src/stm32g4xx_hal_adc.o
                0x080012e4                HAL_ADC_ConfigChannel
 .text.LL_ADC_IsEnabled
                0x08001ac4       0x26 ./Drivers/STM32G4xx_HAL_Driver/Src/stm32g4xx_hal_adc_ex.o
 .text.LL_ADC_REG_IsConversionOngoing
                0x08001aea       0x26 ./Drivers/STM32G4xx_HAL_Driver/Src/stm32g4xx_hal_adc_ex.o
 .text.HAL_ADCEx_MultiModeConfigChannel
                0x08001b10      0x148 ./Drivers/STM32G4xx_HAL_Driver/Src/stm32g4xx_hal_adc_ex.o
                0x08001b10                HAL_ADCEx_MultiModeConfigChannel
 .text.__NVIC_SetPriorityGrouping
                0x08001c58       0x48 ./Drivers/STM32G4xx_HAL_Driver/Src/stm32g4xx_hal_cortex.o
 .text.__NVIC_GetPriorityGrouping
                0x08001ca0       0x1c ./Drivers/STM32G4xx_HAL_Driver/Src/stm32g4xx_hal_cortex.o
 .text.__NVIC_EnableIRQ
                0x08001cbc       0x3c ./Drivers/STM32G4xx_HAL_Driver/Src/stm32g4xx_hal_cortex.o
 .text.__NVIC_SetPriority
                0x08001cf8       0x54 ./Drivers/STM32G4xx_HAL_Driver/Src/stm32g4xx_hal_cortex.o
 .text.NVIC_EncodePriority
                0x08001d4c       0x66 ./Drivers/STM32G4xx_HAL_Driver/Src/stm32g4xx_hal_cortex.o
 *fill*         0x08001db2        0x2 
 .text.SysTick_Config
                0x08001db4       0x44 ./Drivers/STM32G4xx_HAL_Driver/Src/stm32g4xx_hal_cortex.o
 .text.HAL_NVIC_SetPriorityGrouping
                0x08001df8       0x16 ./Drivers/STM32G4xx_HAL_Driver/Src/stm32g4xx_hal_cortex.o
                0x08001df8                HAL_NVIC_SetPriorityGrouping
 .text.HAL_NVIC_SetPriority
                0x08001e0e       0x34 ./Drivers/STM32G4xx_HAL_Driver/Src/stm32g4xx_hal_cortex.o
                0x08001e0e                HAL_NVIC_SetPriority
 .text.HAL_NVIC_EnableIRQ
                0x08001e42       0x1c ./Drivers/STM32G4xx_HAL_Driver/Src/stm32g4xx_hal_cortex.o
                0x08001e42                HAL_NVIC_EnableIRQ
 .text.HAL_SYSTICK_Config
                0x08001e5e       0x18 ./Drivers/STM32G4xx_HAL_Driver/Src/stm32g4xx_hal_cortex.o
                0x08001e5e                HAL_SYSTICK_Config
 *fill*         0x08001e76        0x2 
 .text.HAL_DMA_Init
                0x08001e78      0x150 ./Drivers/STM32G4xx_HAL_Driver/Src/stm32g4xx_hal_dma.o
                0x08001e78                HAL_DMA_Init
 .text.HAL_DMA_Start_IT
                0x08001fc8       0xf6 ./Drivers/STM32G4xx_HAL_Driver/Src/stm32g4xx_hal_dma.o
                0x08001fc8                HAL_DMA_Start_IT
 .text.HAL_DMA_Abort
                0x080020be       0xbc ./Drivers/STM32G4xx_HAL_Driver/Src/stm32g4xx_hal_dma.o
                0x080020be                HAL_DMA_Abort
 .text.HAL_DMA_IRQHandler
                0x0800217a      0x15e ./Drivers/STM32G4xx_HAL_Driver/Src/stm32g4xx_hal_dma.o
                0x0800217a                HAL_DMA_IRQHandler
 .text.DMA_SetConfig
                0x080022d8       0x7c ./Drivers/STM32G4xx_HAL_Driver/Src/stm32g4xx_hal_dma.o
 .text.DMA_CalcDMAMUXChannelBaseAndMask
                0x08002354       0x90 ./Drivers/STM32G4xx_HAL_Driver/Src/stm32g4xx_hal_dma.o
 .text.DMA_CalcDMAMUXRequestGenBaseAndMask
                0x080023e4       0x4c ./Drivers/STM32G4xx_HAL_Driver/Src/stm32g4xx_hal_dma.o
 .text.HAL_GPIO_Init
                0x08002430      0x318 ./Drivers/STM32G4xx_HAL_Driver/Src/stm32g4xx_hal_gpio.o
                0x08002430                HAL_GPIO_Init
 .text.HAL_GPIO_WritePin
                0x08002748       0x30 ./Drivers/STM32G4xx_HAL_Driver/Src/stm32g4xx_hal_gpio.o
                0x08002748                HAL_GPIO_WritePin
 .text.HAL_I2S_Init
                0x08002778      0x1c0 ./Drivers/STM32G4xx_HAL_Driver/Src/stm32g4xx_hal_i2s.o
                0x08002778                HAL_I2S_Init
 .text.HAL_I2S_Receive_DMA
                0x08002938      0x170 ./Drivers/STM32G4xx_HAL_Driver/Src/stm32g4xx_hal_i2s.o
                0x08002938                HAL_I2S_Receive_DMA
 .text.HAL_I2S_DMAStop
                0x08002aa8      0x178 ./Drivers/STM32G4xx_HAL_Driver/Src/stm32g4xx_hal_i2s.o
                0x08002aa8                HAL_I2S_DMAStop
 .text.HAL_I2S_RxHalfCpltCallback
                0x08002c20       0x14 ./Drivers/STM32G4xx_HAL_Driver/Src/stm32g4xx_hal_i2s.o
                0x08002c20                HAL_I2S_RxHalfCpltCallback
 .text.HAL_I2S_ErrorCallback
                0x08002c34       0x14 ./Drivers/STM32G4xx_HAL_Driver/Src/stm32g4xx_hal_i2s.o
                0x08002c34                HAL_I2S_ErrorCallback
 .text.I2S_DMARxCplt
                0x08002c48       0x42 ./Drivers/STM32G4xx_HAL_Driver/Src/stm32g4xx_hal_i2s.o
 .text.I2S_DMARxHalfCplt
                0x08002c8a       0x1c ./Drivers/STM32G4xx_HAL_Driver/Src/stm32g4xx_hal_i2s.o
 .text.I2S_DMAError
                0x08002ca6       0x4c ./Drivers/STM32G4xx_HAL_Driver/Src/stm32g4xx_hal_i2s.o
 .text.I2S_WaitFlagStateUntilTimeout
                0x08002cf2       0x72 ./Drivers/STM32G4xx_HAL_Driver/Src/stm32g4xx_hal_i2s.o
 .text.HAL_PWREx_ControlVoltageScaling
                0x08002d64      0x148 ./Drivers/STM32G4xx_HAL_Driver/Src/stm32g4xx_hal_pwr_ex.o
                0x08002d64                HAL_PWREx_ControlVoltageScaling
 .text.HAL_PWREx_DisableUCPDDeadBattery
                0x08002eac       0x20 ./Drivers/STM32G4xx_HAL_Driver/Src/stm32g4xx_hal_pwr_ex.o
                0x08002eac                HAL_PWREx_DisableUCPDDeadBattery
 .text.HAL_RCC_OscConfig
                0x08002ecc      0x624 ./Drivers/STM32G4xx_HAL_Driver/Src/stm32g4xx_hal_rcc.o
                0x08002ecc                HAL_RCC_OscConfig
 .text.HAL_RCC_ClockConfig
                0x080034f0      0x278 ./Drivers/STM32G4xx_HAL_Driver/Src/stm32g4xx_hal_rcc.o
                0x080034f0                HAL_RCC_ClockConfig
 .text.HAL_RCC_GetSysClockFreq
                0x08003768       0xc4 ./Drivers/STM32G4xx_HAL_Driver/Src/stm32g4xx_hal_rcc.o
                0x08003768                HAL_RCC_GetSysClockFreq
 .text.HAL_RCC_GetHCLKFreq
                0x0800382c       0x18 ./Drivers/STM32G4xx_HAL_Driver/Src/stm32g4xx_hal_rcc.o
                0x0800382c                HAL_RCC_GetHCLKFreq
 .text.HAL_RCC_GetPCLK1Freq
                0x08003844       0x2c ./Drivers/STM32G4xx_HAL_Driver/Src/stm32g4xx_hal_rcc.o
                0x08003844                HAL_RCC_GetPCLK1Freq
 .text.HAL_RCC_GetPCLK2Freq
                0x08003870       0x2c ./Drivers/STM32G4xx_HAL_Driver/Src/stm32g4xx_hal_rcc.o
                0x08003870                HAL_RCC_GetPCLK2Freq
 .text.RCC_GetSysClockFreqFromPLLSource
                0x0800389c       0x8c ./Drivers/STM32G4xx_HAL_Driver/Src/stm32g4xx_hal_rcc.o
 .text.HAL_RCCEx_PeriphCLKConfig
                0x08003928      0x3e0 ./Drivers/STM32G4xx_HAL_Driver/Src/stm32g4xx_hal_rcc_ex.o
                0x08003928                HAL_RCCEx_PeriphCLKConfig
 .text.HAL_RCCEx_GetPeriphCLKFreq
                0x08003d08      0x8a4 ./Drivers/STM32G4xx_HAL_Driver/Src/stm32g4xx_hal_rcc_ex.o
                0x08003d08                HAL_RCCEx_GetPeriphCLKFreq
 .text.HAL_SPI_Init
                0x080045ac      0x156 ./Drivers/STM32G4xx_HAL_Driver/Src/stm32g4xx_hal_spi.o
                0x080045ac                HAL_SPI_Init
 *fill*         0x08004702        0x2 
 .text.MX_FATFS_Init
                0x08004704       0x30 ./FATFS/App/app_fatfs.o
                0x08004704                MX_FATFS_Init
 .text.get_fattime
                0x08004734       0x10 ./FATFS/App/app_fatfs.o
                0x08004734                get_fattime
 .text.USER_initialize
                0x08004744       0x28 ./FATFS/Target/user_diskio.o
                0x08004744                USER_initialize
 .text.USER_status
                0x0800476c       0x28 ./FATFS/Target/user_diskio.o
                0x0800476c                USER_status
 .text.USER_read
                0x08004794       0x1e ./FATFS/Target/user_diskio.o
                0x08004794                USER_read
 .text.USER_write
                0x080047b2       0x1e ./FATFS/Target/user_diskio.o
                0x080047b2                USER_write
 .text.USER_ioctl
                0x080047d0       0x22 ./FATFS/Target/user_diskio.o
                0x080047d0                USER_ioctl
 *fill*         0x080047f2        0x2 
 .text.disk_status
                0x080047f4       0x34 ./Middlewares/Third_Party/FatFs/src/diskio.o
                0x080047f4                disk_status
 .text.disk_initialize
                0x08004828       0x4c ./Middlewares/Third_Party/FatFs/src/diskio.o
                0x08004828                disk_initialize
 .text.disk_read
                0x08004874       0x40 ./Middlewares/Third_Party/FatFs/src/diskio.o
                0x08004874                disk_read
 .text.disk_write
                0x080048b4       0x40 ./Middlewares/Third_Party/FatFs/src/diskio.o
                0x080048b4                disk_write
 .text.disk_ioctl
                0x080048f4       0x3c ./Middlewares/Third_Party/FatFs/src/diskio.o
                0x080048f4                disk_ioctl
 .text.ld_word  0x08004930       0x32 ./Middlewares/Third_Party/FatFs/src/ff.o
 .text.ld_dword
                0x08004962       0x46 ./Middlewares/Third_Party/FatFs/src/ff.o
 .text.st_word  0x080049a8       0x36 ./Middlewares/Third_Party/FatFs/src/ff.o
 .text.st_dword
                0x080049de       0x58 ./Middlewares/Third_Party/FatFs/src/ff.o
 .text.mem_cpy  0x08004a36       0x42 ./Middlewares/Third_Party/FatFs/src/ff.o
 .text.mem_set  0x08004a78       0x36 ./Middlewares/Third_Party/FatFs/src/ff.o
 .text.mem_cmp  0x08004aae       0x4e ./Middlewares/Third_Party/FatFs/src/ff.o
 .text.chk_chr  0x08004afc       0x36 ./Middlewares/Third_Party/FatFs/src/ff.o
 *fill*         0x08004b32        0x2 
 .text.chk_lock
                0x08004b34       0xb8 ./Middlewares/Third_Party/FatFs/src/ff.o
 .text.enq_lock
                0x08004bec       0x44 ./Middlewares/Third_Party/FatFs/src/ff.o
 .text.inc_lock
                0x08004c30      0x11c ./Middlewares/Third_Party/FatFs/src/ff.o
 .text.dec_lock
                0x08004d4c       0x78 ./Middlewares/Third_Party/FatFs/src/ff.o
 .text.clear_lock
                0x08004dc4       0x48 ./Middlewares/Third_Party/FatFs/src/ff.o
 .text.sync_window
                0x08004e0c       0x88 ./Middlewares/Third_Party/FatFs/src/ff.o
 .text.move_window
                0x08004e94       0x5a ./Middlewares/Third_Party/FatFs/src/ff.o
 *fill*         0x08004eee        0x2 
 .text.sync_fs  0x08004ef0       0xdc ./Middlewares/Third_Party/FatFs/src/ff.o
 .text.clust2sect
                0x08004fcc       0x3e ./Middlewares/Third_Party/FatFs/src/ff.o
 .text.get_fat  0x0800500a      0x14e ./Middlewares/Third_Party/FatFs/src/ff.o
 .text.put_fat  0x08005158      0x1d4 ./Middlewares/Third_Party/FatFs/src/ff.o
 .text.remove_chain
                0x0800532c       0xca ./Middlewares/Third_Party/FatFs/src/ff.o
 .text.create_chain
                0x080053f6      0x130 ./Middlewares/Third_Party/FatFs/src/ff.o
 .text.clmt_clust
                0x08005526       0x68 ./Middlewares/Third_Party/FatFs/src/ff.o
 .text.dir_sdi  0x0800558e       0xf6 ./Middlewares/Third_Party/FatFs/src/ff.o
 .text.dir_next
                0x08005684      0x18a ./Middlewares/Third_Party/FatFs/src/ff.o
 .text.dir_alloc
                0x0800580e       0x8e ./Middlewares/Third_Party/FatFs/src/ff.o
 .text.ld_clust
                0x0800589c       0x3e ./Middlewares/Third_Party/FatFs/src/ff.o
 .text.st_clust
                0x080058da       0x40 ./Middlewares/Third_Party/FatFs/src/ff.o
 .text.dir_find
                0x0800591a       0xaa ./Middlewares/Third_Party/FatFs/src/ff.o
 .text.dir_register
                0x080059c4       0x64 ./Middlewares/Third_Party/FatFs/src/ff.o
 .text.create_name
                0x08005a28      0x128 ./Middlewares/Third_Party/FatFs/src/ff.o
 .text.follow_path
                0x08005b50       0xe2 ./Middlewares/Third_Party/FatFs/src/ff.o
 .text.get_ldnumber
                0x08005c32       0x88 ./Middlewares/Third_Party/FatFs/src/ff.o
 *fill*         0x08005cba        0x2 
 .text.check_fs
                0x08005cbc       0xac ./Middlewares/Third_Party/FatFs/src/ff.o
 .text.find_volume
                0x08005d68      0x498 ./Middlewares/Third_Party/FatFs/src/ff.o
 .text.validate
                0x08006200       0x6a ./Middlewares/Third_Party/FatFs/src/ff.o
 *fill*         0x0800626a        0x2 
 .text.f_mount  0x0800626c       0x8c ./Middlewares/Third_Party/FatFs/src/ff.o
                0x0800626c                f_mount
 .text.f_open   0x080062f8      0x374 ./Middlewares/Third_Party/FatFs/src/ff.o
                0x080062f8                f_open
 .text.f_write  0x0800666c      0x2ea ./Middlewares/Third_Party/FatFs/src/ff.o
                0x0800666c                f_write
 .text.f_sync   0x08006956       0xfc ./Middlewares/Third_Party/FatFs/src/ff.o
                0x08006956                f_sync
 .text.f_close  0x08006a52       0x54 ./Middlewares/Third_Party/FatFs/src/ff.o
                0x08006a52                f_close
 .text.f_lseek  0x08006aa6      0x412 ./Middlewares/Third_Party/FatFs/src/ff.o
                0x08006aa6                f_lseek
 .text.FATFS_LinkDriverEx
                0x08006eb8       0x98 ./Middlewares/Third_Party/FatFs/src/ff_gen_drv.o
                0x08006eb8                FATFS_LinkDriverEx
 .text.FATFS_LinkDriver
                0x08006f50       0x1e ./Middlewares/Third_Party/FatFs/src/ff_gen_drv.o
                0x08006f50                FATFS_LinkDriver
 .text.memset   0x08006f6e       0x10 C:/ST/STM32CubeIDE_2.1.0/STM32CubeIDE/plugins/com.st.stm32cube.ide.mcu.externaltools.gnu-tools-for-stm32.14.3.rel1.win32_1.0.100.202602081740/tools/bin/../lib/gcc/arm-none-eabi/14.3.1/../../../../arm-none-eabi/lib/thumb/v7e-m+fp/hard\libc_nano.a(libc_a-memset.o)
                0x08006f6e                memset
 *fill*         0x08006f7e        0x2 
 .text.__libc_init_array
                0x08006f80       0x48 C:/ST/STM32CubeIDE_2.1.0/STM32CubeIDE/plugins/com.st.stm32cube.ide.mcu.externaltools.gnu-tools-for-stm32.14.3.rel1.win32_1.0.100.202602081740/tools/bin/../lib/gcc/arm-none-eabi/14.3.1/../../../../arm-none-eabi/lib/thumb/v7e-m+fp/hard\libc_nano.a(libc_a-init.o)
                0x08006f80                __libc_init_array
 *(.glue_7)
 .glue_7        0x08006fc8        0x0 linker stubs
 *(.glue_7t)
 .glue_7t       0x08006fc8        0x0 linker stubs
 *(.eh_frame)
 .eh_frame      0x08006fc8        0x0 C:/ST/STM32CubeIDE_2.1.0/STM32CubeIDE/plugins/com.st.stm32cube.ide.mcu.externaltools.gnu-tools-for-stm32.14.3.rel1.win32_1.0.100.202602081740/tools/bin/../lib/gcc/arm-none-eabi/14.3.1/thumb/v7e-m+fp/hard/crtbegin.o
 *(.init)
 .init          0x08006fc8        0x4 C:/ST/STM32CubeIDE_2.1.0/STM32CubeIDE/plugins/com.st.stm32cube.ide.mcu.externaltools.gnu-tools-for-stm32.14.3.rel1.win32_1.0.100.202602081740/tools/bin/../lib/gcc/arm-none-eabi/14.3.1/thumb/v7e-m+fp/hard/crti.o
                0x08006fc8                _init
 .init          0x08006fcc        0x8 C:/ST/STM32CubeIDE_2.1.0/STM32CubeIDE/plugins/com.st.stm32cube.ide.mcu.externaltools.gnu-tools-for-stm32.14.3.rel1.win32_1.0.100.202602081740/tools/bin/../lib/gcc/arm-none-eabi/14.3.1/thumb/v7e-m+fp/hard/crtn.o
 *(.fini)
 .fini          0x08006fd4        0x4 C:/ST/STM32CubeIDE_2.1.0/STM32CubeIDE/plugins/com.st.stm32cube.ide.mcu.externaltools.gnu-tools-for-stm32.14.3.rel1.win32_1.0.100.202602081740/tools/bin/../lib/gcc/arm-none-eabi/14.3.1/thumb/v7e-m+fp/hard/crti.o
                0x08006fd4                _fini
 .fini          0x08006fd8        0x8 C:/ST/STM32CubeIDE_2.1.0/STM32CubeIDE/plugins/com.st.stm32cube.ide.mcu.externaltools.gnu-tools-for-stm32.14.3.rel1.win32_1.0.100.202602081740/tools/bin/../lib/gcc/arm-none-eabi/14.3.1/thumb/v7e-m+fp/hard/crtn.o
                0x08006fe0                        . = ALIGN (0x4)
                0x08006fe0                        _etext = .

.vfp11_veneer   0x08006fe0        0x0
 .vfp11_veneer  0x08006fe0        0x0 linker stubs

.v4_bx          0x08006fe0        0x0
 .v4_bx         0x08006fe0        0x0 linker stubs

.iplt           0x08006fe0        0x0
 .iplt          0x08006fe0        0x0 C:/ST/STM32CubeIDE_2.1.0/STM32CubeIDE/plugins/com.st.stm32cube.ide.mcu.externaltools.gnu-tools-for-stm32.14.3.rel1.win32_1.0.100.202602081740/tools/bin/../lib/gcc/arm-none-eabi/14.3.1/thumb/v7e-m+fp/hard/crtbegin.o

.rodata         0x08006fe0       0xe8
                0x08006fe0                        . = ALIGN (0x4)
 *(.rodata)
 .rodata        0x08006fe0        0xc ./Core/Src/main.o
 .rodata        0x08006fec       0x44 ./Middlewares/Third_Party/FatFs/src/ff.o
 *(.rodata*)
 .rodata.AHBPrescTable
                0x08007030       0x10 ./Core/Src/system_stm32g4xx.o
                0x08007030                AHBPrescTable
 .rodata.APBPrescTable
                0x08007040        0x8 ./Core/Src/system_stm32g4xx.o
                0x08007040                APBPrescTable
 .rodata.ExCvt  0x08007048       0x80 ./Middlewares/Third_Party/FatFs/src/ff.o
                0x080070c8                        . = ALIGN (0x4)

.ARM.extab      0x080070c8        0x0
                0x080070c8                        . = ALIGN (0x4)
 *(.ARM.extab* .gnu.linkonce.armextab.*)
                0x080070c8                        . = ALIGN (0x4)

.ARM            0x080070c8        0x0
                0x080070c8                        . = ALIGN (0x4)
                0x080070c8                        __exidx_start = .
 *(.ARM.exidx*)
                0x080070c8                        __exidx_end = .
                0x080070c8                        . = ALIGN (0x4)

.preinit_array  0x080070c8        0x0
                0x080070c8                        . = ALIGN (0x4)
                0x080070c8                        PROVIDE (__preinit_array_start = .)
 *(.preinit_array*)
                0x080070c8                        PROVIDE (__preinit_array_end = .)
                0x080070c8                        . = ALIGN (0x4)

.init_array     0x080070c8        0x4
                0x080070c8                        . = ALIGN (0x4)
                0x080070c8                        PROVIDE (__init_array_start = .)
 *(SORT_BY_NAME(.init_array.*))
 *(.init_array*)
 .init_array    0x080070c8        0x4 C:/ST/STM32CubeIDE_2.1.0/STM32CubeIDE/plugins/com.st.stm32cube.ide.mcu.externaltools.gnu-tools-for-stm32.14.3.rel1.win32_1.0.100.202602081740/tools/bin/../lib/gcc/arm-none-eabi/14.3.1/thumb/v7e-m+fp/hard/crtbegin.o
                0x080070cc                        PROVIDE (__init_array_end = .)
                0x080070cc                        . = ALIGN (0x4)

.fini_array     0x080070cc        0x4
                0x080070cc                        . = ALIGN (0x4)
                [!provide]                        PROVIDE (__fini_array_start = .)
 *(SORT_BY_NAME(.fini_array.*))
 *(.fini_array*)
 .fini_array    0x080070cc        0x4 C:/ST/STM32CubeIDE_2.1.0/STM32CubeIDE/plugins/com.st.stm32cube.ide.mcu.externaltools.gnu-tools-for-stm32.14.3.rel1.win32_1.0.100.202602081740/tools/bin/../lib/gcc/arm-none-eabi/14.3.1/thumb/v7e-m+fp/hard/crtbegin.o
                [!provide]                        PROVIDE (__fini_array_end = .)
                0x080070d0                        . = ALIGN (0x4)
                0x080070d0                        _sidata = LOADADDR (.data)

.rel.dyn        0x080070d0        0x0
 .rel.iplt      0x080070d0        0x0 C:/ST/STM32CubeIDE_2.1.0/STM32CubeIDE/plugins/com.st.stm32cube.ide.mcu.externaltools.gnu-tools-for-stm32.14.3.rel1.win32_1.0.100.202602081740/tools/bin/../lib/gcc/arm-none-eabi/14.3.1/thumb/v7e-m+fp/hard/crtbegin.o

.data           0x20000000       0x54 load address 0x080070d0
                0x20000000                        . = ALIGN (0x4)
                0x20000000                        _sdata = .
 *(.data)
 *(.data*)
 .data.wav_header
                0x20000000       0x2c ./Core/Src/main.o
                0x20000000                wav_header
 .data.MAX_RECORD_LOOPS
                0x2000002c        0x4 ./Core/Src/main.o
                0x2000002c                MAX_RECORD_LOOPS
 .data.SystemCoreClock
                0x20000030        0x4 ./Core/Src/system_stm32g4xx.o
                0x20000030                SystemCoreClock
 .data.uwTickPrio
                0x20000034        0x4 ./Drivers/STM32G4xx_HAL_Driver/Src/stm32g4xx_hal.o
                0x20000034                uwTickPrio
 .data.uwTickFreq
                0x20000038        0x4 ./Drivers/STM32G4xx_HAL_Driver/Src/stm32g4xx_hal.o
                0x20000038                uwTickFreq
 .data.Stat     0x2000003c        0x1 ./FATFS/Target/user_diskio.o
 *fill*         0x2000003d        0x3 
 .data.USER_Driver
                0x20000040       0x14 ./FATFS/Target/user_diskio.o
                0x20000040                USER_Driver
 *(.RamFunc)
 *(.RamFunc*)
                0x20000054                        . = ALIGN (0x4)
                0x20000054                        _edata = .

.igot.plt       0x20000054        0x0 load address 0x08007124
 .igot.plt      0x20000054        0x0 C:/ST/STM32CubeIDE_2.1.0/STM32CubeIDE/plugins/com.st.stm32cube.ide.mcu.externaltools.gnu-tools-for-stm32.14.3.rel1.win32_1.0.100.202602081740/tools/bin/../lib/gcc/arm-none-eabi/14.3.1/thumb/v7e-m+fp/hard/crtbegin.o
                0x20000054                        . = ALIGN (0x4)

.bss            0x20000054     0x44b8 load address 0x08007124
                0x20000054                        _sbss = .
                0x20000054                        __bss_start__ = _sbss
 *(.bss)
 .bss           0x20000054       0x1c C:/ST/STM32CubeIDE_2.1.0/STM32CubeIDE/plugins/com.st.stm32cube.ide.mcu.externaltools.gnu-tools-for-stm32.14.3.rel1.win32_1.0.100.202602081740/tools/bin/../lib/gcc/arm-none-eabi/14.3.1/thumb/v7e-m+fp/hard/crtbegin.o
 *(.bss*)
 .bss.hadc1     0x20000070       0x6c ./Core/Src/main.o
                0x20000070                hadc1
 .bss.hi2s2     0x200000dc       0x3c ./Core/Src/main.o
                0x200000dc                hi2s2
 .bss.hdma_spi2_rx
                0x20000118       0x60 ./Core/Src/main.o
                0x20000118                hdma_spi2_rx
 .bss.hspi1     0x20000178       0x64 ./Core/Src/main.o
                0x20000178                hspi1
 .bss.mic_rx_buffer
                0x200001dc     0x1f40 ./Core/Src/main.o
                0x200001dc                mic_rx_buffer
 .bss.stereo_audio
                0x2000211c     0x1f40 ./Core/Src/main.o
                0x2000211c                stereo_audio
 .bss.data_ready_flag
                0x2000405c        0x1 ./Core/Src/main.o
                0x2000405c                data_ready_flag
 *fill*         0x2000405d        0x3 
 .bss.fs        0x20004060      0x230 ./Core/Src/main.o
                0x20004060                fs
 .bss.fil       0x20004290      0x230 ./Core/Src/main.o
                0x20004290                fil
 .bss.bw        0x200044c0        0x4 ./Core/Src/main.o
                0x200044c0                bw
 .bss.total_data_bytes
                0x200044c4        0x4 ./Core/Src/main.o
                0x200044c4                total_data_bytes
 .bss.record_counter
                0x200044c8        0x4 ./Core/Src/main.o
                0x200044c8                record_counter
 .bss.uwTick    0x200044cc        0x4 ./Drivers/STM32G4xx_HAL_Driver/Src/stm32g4xx_hal.o
                0x200044cc                uwTick
 .bss.USERPath  0x200044d0        0x4 ./FATFS/App/app_fatfs.o
                0x200044d0                USERPath
 .bss.Appli_state
                0x200044d4        0x1 ./FATFS/App/app_fatfs.o
                0x200044d4                Appli_state
 *fill*         0x200044d5        0x3 
 .bss.FatFs     0x200044d8        0x4 ./Middlewares/Third_Party/FatFs/src/ff.o
 .bss.Fsid      0x200044dc        0x2 ./Middlewares/Third_Party/FatFs/src/ff.o
 *fill*         0x200044de        0x2 
 .bss.Files     0x200044e0       0x20 ./Middlewares/Third_Party/FatFs/src/ff.o
 .bss.disk      0x20004500        0xc ./Middlewares/Third_Party/FatFs/src/ff_gen_drv.o
                0x20004500                disk
 *(COMMON)
                0x2000450c                        . = ALIGN (0x4)
                0x2000450c                        _ebss = .
                0x2000450c                        __bss_end__ = _ebss

._user_heap_stack
                0x2000450c      0x604 load address 0x08007124
                0x20004510                        . = ALIGN (0x8)
 *fill*         0x2000450c        0x4 
                [!provide]                        PROVIDE (end = .)
                0x20004510                        PROVIDE (_end = .)
                0x20004710                        . = (. + _Min_Heap_Size)
 *fill*         0x20004510      0x200 
                0x20004b10                        . = (. + _Min_Stack_Size)
 *fill*         0x20004710      0x400 
                0x20004b10                        . = ALIGN (0x8)

/DISCARD/
 libc.a(*)
 libm.a(*)
 libgcc.a(*)

.ARM.attributes
                0x00000000       0x30
 *(.ARM.attributes)
 .ARM.attributes
                0x00000000       0x22 C:/ST/STM32CubeIDE_2.1.0/STM32CubeIDE/plugins/com.st.stm32cube.ide.mcu.externaltools.gnu-tools-for-stm32.14.3.rel1.win32_1.0.100.202602081740/tools/bin/../lib/gcc/arm-none-eabi/14.3.1/thumb/v7e-m+fp/hard/crti.o
 .ARM.attributes
                0x00000022       0x34 C:/ST/STM32CubeIDE_2.1.0/STM32CubeIDE/plugins/com.st.stm32cube.ide.mcu.externaltools.gnu-tools-for-stm32.14.3.rel1.win32_1.0.100.202602081740/tools/bin/../lib/gcc/arm-none-eabi/14.3.1/thumb/v7e-m+fp/hard/crtbegin.o
 .ARM.attributes
                0x00000056       0x34 ./Core/Src/main.o
 .ARM.attributes
                0x0000008a       0x34 ./Core/Src/stm32g4xx_hal_msp.o
 .ARM.attributes
                0x000000be       0x34 ./Core/Src/stm32g4xx_it.o
 .ARM.attributes
                0x000000f2       0x34 ./Core/Src/system_stm32g4xx.o
 .ARM.attributes
                0x00000126       0x21 ./Core/Startup/startup_stm32g431kbux.o
 .ARM.attributes
                0x00000147       0x34 ./Drivers/STM32G4xx_HAL_Driver/Src/stm32g4xx_hal.o
 .ARM.attributes
                0x0000017b       0x34 ./Drivers/STM32G4xx_HAL_Driver/Src/stm32g4xx_hal_adc.o
 .ARM.attributes
                0x000001af       0x34 ./Drivers/STM32G4xx_HAL_Driver/Src/stm32g4xx_hal_adc_ex.o
 .ARM.attributes
                0x000001e3       0x34 ./Drivers/STM32G4xx_HAL_Driver/Src/stm32g4xx_hal_cortex.o
 .ARM.attributes
                0x00000217       0x34 ./Drivers/STM32G4xx_HAL_Driver/Src/stm32g4xx_hal_dma.o
 .ARM.attributes
                0x0000024b       0x34 ./Drivers/STM32G4xx_HAL_Driver/Src/stm32g4xx_hal_gpio.o
 .ARM.attributes
                0x0000027f       0x34 ./Drivers/STM32G4xx_HAL_Driver/Src/stm32g4xx_hal_i2s.o
 .ARM.attributes
                0x000002b3       0x34 ./Drivers/STM32G4xx_HAL_Driver/Src/stm32g4xx_hal_pwr_ex.o
 .ARM.attributes
                0x000002e7       0x34 ./Drivers/STM32G4xx_HAL_Driver/Src/stm32g4xx_hal_rcc.o
 .ARM.attributes
                0x0000031b       0x34 ./Drivers/STM32G4xx_HAL_Driver/Src/stm32g4xx_hal_rcc_ex.o
 .ARM.attributes
                0x0000034f       0x34 ./Drivers/STM32G4xx_HAL_Driver/Src/stm32g4xx_hal_spi.o
 .ARM.attributes
                0x00000383       0x34 ./FATFS/App/app_fatfs.o
 .ARM.attributes
                0x000003b7       0x34 ./FATFS/Target/user_diskio.o
 .ARM.attributes
                0x000003eb       0x34 ./Middlewares/Third_Party/FatFs/src/diskio.o
 .ARM.attributes
                0x0000041f       0x34 ./Middlewares/Third_Party/FatFs/src/ff.o
 .ARM.attributes
                0x00000453       0x34 ./Middlewares/Third_Party/FatFs/src/ff_gen_drv.o
 .ARM.attributes
                0x00000487       0x34 C:/ST/STM32CubeIDE_2.1.0/STM32CubeIDE/plugins/com.st.stm32cube.ide.mcu.externaltools.gnu-tools-for-stm32.14.3.rel1.win32_1.0.100.202602081740/tools/bin/../lib/gcc/arm-none-eabi/14.3.1/../../../../arm-none-eabi/lib/thumb/v7e-m+fp/hard\libc_nano.a(libc_a-memset.o)
 .ARM.attributes
                0x000004bb       0x34 C:/ST/STM32CubeIDE_2.1.0/STM32CubeIDE/plugins/com.st.stm32cube.ide.mcu.externaltools.gnu-tools-for-stm32.14.3.rel1.win32_1.0.100.202602081740/tools/bin/../lib/gcc/arm-none-eabi/14.3.1/../../../../arm-none-eabi/lib/thumb/v7e-m+fp/hard\libc_nano.a(libc_a-init.o)
 .ARM.attributes
                0x000004ef       0x22 C:/ST/STM32CubeIDE_2.1.0/STM32CubeIDE/plugins/com.st.stm32cube.ide.mcu.externaltools.gnu-tools-for-stm32.14.3.rel1.win32_1.0.100.202602081740/tools/bin/../lib/gcc/arm-none-eabi/14.3.1/thumb/v7e-m+fp/hard/crtn.o
OUTPUT(cubemx.elf elf32-littlearm)
LOAD linker stubs
LOAD C:/ST/STM32CubeIDE_2.1.0/STM32CubeIDE/plugins/com.st.stm32cube.ide.mcu.externaltools.gnu-tools-for-stm32.14.3.rel1.win32_1.0.100.202602081740/tools/bin/../lib/gcc/arm-none-eabi/14.3.1/../../../../arm-none-eabi/lib/thumb/v7e-m+fp/hard\libc.a
LOAD C:/ST/STM32CubeIDE_2.1.0/STM32CubeIDE/plugins/com.st.stm32cube.ide.mcu.externaltools.gnu-tools-for-stm32.14.3.rel1.win32_1.0.100.202602081740/tools/bin/../lib/gcc/arm-none-eabi/14.3.1/../../../../arm-none-eabi/lib/thumb/v7e-m+fp/hard\libm.a
LOAD C:/ST/STM32CubeIDE_2.1.0/STM32CubeIDE/plugins/com.st.stm32cube.ide.mcu.externaltools.gnu-tools-for-stm32.14.3.rel1.win32_1.0.100.202602081740/tools/bin/../lib/gcc/arm-none-eabi/14.3.1/thumb/v7e-m+fp/hard\libgcc.a

.debug_info     0x00000000    0x117ba
 .debug_info    0x00000000     0x1cf9 ./Core/Src/main.o
 .debug_info    0x00001cf9     0x13bd ./Core/Src/stm32g4xx_hal_msp.o
 .debug_info    0x000030b6      0x472 ./Core/Src/stm32g4xx_it.o
 .debug_info    0x00003528      0x58e ./Core/Src/system_stm32g4xx.o
 .debug_info    0x00003ab6       0x30 ./Core/Startup/startup_stm32g431kbux.o
 .debug_info    0x00003ae6      0xadb ./Drivers/STM32G4xx_HAL_Driver/Src/stm32g4xx_hal.o
 .debug_info    0x000045c1     0x2063 ./Drivers/STM32G4xx_HAL_Driver/Src/stm32g4xx_hal_adc.o
 .debug_info    0x00006624     0x1d80 ./Drivers/STM32G4xx_HAL_Driver/Src/stm32g4xx_hal_adc_ex.o
 .debug_info    0x000083a4      0xd3f ./Drivers/STM32G4xx_HAL_Driver/Src/stm32g4xx_hal_cortex.o
 .debug_info    0x000090e3      0x85f ./Drivers/STM32G4xx_HAL_Driver/Src/stm32g4xx_hal_dma.o
 .debug_info    0x00009942      0x772 ./Drivers/STM32G4xx_HAL_Driver/Src/stm32g4xx_hal_gpio.o
 .debug_info    0x0000a0b4      0xddb ./Drivers/STM32G4xx_HAL_Driver/Src/stm32g4xx_hal_i2s.o
 .debug_info    0x0000ae8f      0x944 ./Drivers/STM32G4xx_HAL_Driver/Src/stm32g4xx_hal_pwr_ex.o
 .debug_info    0x0000b7d3      0xb9b ./Drivers/STM32G4xx_HAL_Driver/Src/stm32g4xx_hal_rcc.o
 .debug_info    0x0000c36e      0xc2d ./Drivers/STM32G4xx_HAL_Driver/Src/stm32g4xx_hal_rcc_ex.o
 .debug_info    0x0000cf9b     0x1677 ./Drivers/STM32G4xx_HAL_Driver/Src/stm32g4xx_hal_spi.o
 .debug_info    0x0000e612      0x545 ./FATFS/App/app_fatfs.o
 .debug_info    0x0000eb57      0x328 ./FATFS/Target/user_diskio.o
 .debug_info    0x0000ee7f      0x3df ./Middlewares/Third_Party/FatFs/src/diskio.o
 .debug_info    0x0000f25e     0x21dd ./Middlewares/Third_Party/FatFs/src/ff.o
 .debug_info    0x0001143b      0x37f ./Middlewares/Third_Party/FatFs/src/ff_gen_drv.o

.debug_abbrev   0x00000000     0x2b52
 .debug_abbrev  0x00000000      0x2f4 ./Core/Src/main.o
 .debug_abbrev  0x000002f4      0x238 ./Core/Src/stm32g4xx_hal_msp.o
 .debug_abbrev  0x0000052c      0x16a ./Core/Src/stm32g4xx_it.o
 .debug_abbrev  0x00000696      0x11a ./Core/Src/system_stm32g4xx.o
 .debug_abbrev  0x000007b0       0x24 ./Core/Startup/startup_stm32g431kbux.o
 .debug_abbrev  0x000007d4      0x271 ./Drivers/STM32G4xx_HAL_Driver/Src/stm32g4xx_hal.o
 .debug_abbrev  0x00000a45      0x2d3 ./Drivers/STM32G4xx_HAL_Driver/Src/stm32g4xx_hal_adc.o
 .debug_abbrev  0x00000d18      0x2ee ./Drivers/STM32G4xx_HAL_Driver/Src/stm32g4xx_hal_adc_ex.o
 .debug_abbrev  0x00001006      0x31c ./Drivers/STM32G4xx_HAL_Driver/Src/stm32g4xx_hal_cortex.o
 .debug_abbrev  0x00001322      0x1e2 ./Drivers/STM32G4xx_HAL_Driver/Src/stm32g4xx_hal_dma.o
 .debug_abbrev  0x00001504      0x1d2 ./Drivers/STM32G4xx_HAL_Driver/Src/stm32g4xx_hal_gpio.o
 .debug_abbrev  0x000016d6      0x245 ./Drivers/STM32G4xx_HAL_Driver/Src/stm32g4xx_hal_i2s.o
 .debug_abbrev  0x0000191b      0x22c ./Drivers/STM32G4xx_HAL_Driver/Src/stm32g4xx_hal_pwr_ex.o
 .debug_abbrev  0x00001b47      0x2c9 ./Drivers/STM32G4xx_HAL_Driver/Src/stm32g4xx_hal_rcc.o
 .debug_abbrev  0x00001e10      0x261 ./Drivers/STM32G4xx_HAL_Driver/Src/stm32g4xx_hal_rcc_ex.o
 .debug_abbrev  0x00002071      0x25d ./Drivers/STM32G4xx_HAL_Driver/Src/stm32g4xx_hal_spi.o
 .debug_abbrev  0x000022ce      0x1a6 ./FATFS/App/app_fatfs.o
 .debug_abbrev  0x00002474      0x13c ./FATFS/Target/user_diskio.o
 .debug_abbrev  0x000025b0      0x181 ./Middlewares/Third_Party/FatFs/src/diskio.o
 .debug_abbrev  0x00002731      0x282 ./Middlewares/Third_Party/FatFs/src/ff.o
 .debug_abbrev  0x000029b3      0x19f ./Middlewares/Third_Party/FatFs/src/ff_gen_drv.o

.debug_aranges  0x00000000     0x1128
 .debug_aranges
                0x00000000       0x60 ./Core/Src/main.o
 .debug_aranges
                0x00000060       0x50 ./Core/Src/stm32g4xx_hal_msp.o
 .debug_aranges
                0x000000b0       0x68 ./Core/Src/stm32g4xx_it.o
 .debug_aranges
                0x00000118       0x28 ./Core/Src/system_stm32g4xx.o
 .debug_aranges
                0x00000140       0x28 ./Core/Startup/startup_stm32g431kbux.o
 .debug_aranges
                0x00000168      0x148 ./Drivers/STM32G4xx_HAL_Driver/Src/stm32g4xx_hal.o
 .debug_aranges
                0x000002b0      0x248 ./Drivers/STM32G4xx_HAL_Driver/Src/stm32g4xx_hal_adc.o
 .debug_aranges
                0x000004f8      0x1c0 ./Drivers/STM32G4xx_HAL_Driver/Src/stm32g4xx_hal_adc_ex.o
 .debug_aranges
                0x000006b8      0x128 ./Drivers/STM32G4xx_HAL_Driver/Src/stm32g4xx_hal_cortex.o
 .debug_aranges
                0x000007e0       0x90 ./Drivers/STM32G4xx_HAL_Driver/Src/stm32g4xx_hal_dma.o
 .debug_aranges
                0x00000870       0x58 ./Drivers/STM32G4xx_HAL_Driver/Src/stm32g4xx_hal_gpio.o
 .debug_aranges
                0x000008c8      0x100 ./Drivers/STM32G4xx_HAL_Driver/Src/stm32g4xx_hal_i2s.o
 .debug_aranges
                0x000009c8      0x140 ./Drivers/STM32G4xx_HAL_Driver/Src/stm32g4xx_hal_pwr_ex.o
 .debug_aranges
                0x00000b08       0x98 ./Drivers/STM32G4xx_HAL_Driver/Src/stm32g4xx_hal_rcc.o
 .debug_aranges
                0x00000ba0       0xb0 ./Drivers/STM32G4xx_HAL_Driver/Src/stm32g4xx_hal_rcc_ex.o
 .debug_aranges
                0x00000c50      0x1d8 ./Drivers/STM32G4xx_HAL_Driver/Src/stm32g4xx_hal_spi.o
 .debug_aranges
                0x00000e28       0x30 ./FATFS/App/app_fatfs.o
 .debug_aranges
                0x00000e58       0x40 ./FATFS/Target/user_diskio.o
 .debug_aranges
                0x00000e98       0x48 ./Middlewares/Third_Party/FatFs/src/diskio.o
 .debug_aranges
                0x00000ee0      0x208 ./Middlewares/Third_Party/FatFs/src/ff.o
 .debug_aranges
                0x000010e8       0x40 ./Middlewares/Third_Party/FatFs/src/ff_gen_drv.o

.debug_rnglists
                0x00000000      0xd05
 .debug_rnglists
                0x00000000       0x47 ./Core/Src/main.o
 .debug_rnglists
                0x00000047       0x3a ./Core/Src/stm32g4xx_hal_msp.o
 .debug_rnglists
                0x00000081       0x49 ./Core/Src/stm32g4xx_it.o
 .debug_rnglists
                0x000000ca       0x1a ./Core/Src/system_stm32g4xx.o
 .debug_rnglists
                0x000000e4       0x19 ./Core/Startup/startup_stm32g431kbux.o
 .debug_rnglists
                0x000000fd       0xf1 ./Drivers/STM32G4xx_HAL_Driver/Src/stm32g4xx_hal.o
 .debug_rnglists
                0x000001ee      0x1c0 ./Drivers/STM32G4xx_HAL_Driver/Src/stm32g4xx_hal_adc.o
 .debug_rnglists
                0x000003ae      0x15a ./Drivers/STM32G4xx_HAL_Driver/Src/stm32g4xx_hal_adc_ex.o
 .debug_rnglists
                0x00000508       0xda ./Drivers/STM32G4xx_HAL_Driver/Src/stm32g4xx_hal_cortex.o
 .debug_rnglists
                0x000005e2       0x72 ./Drivers/STM32G4xx_HAL_Driver/Src/stm32g4xx_hal_dma.o
 .debug_rnglists
                0x00000654       0x3f ./Drivers/STM32G4xx_HAL_Driver/Src/stm32g4xx_hal_gpio.o
 .debug_rnglists
                0x00000693       0xc5 ./Drivers/STM32G4xx_HAL_Driver/Src/stm32g4xx_hal_i2s.o
 .debug_rnglists
                0x00000758       0xf1 ./Drivers/STM32G4xx_HAL_Driver/Src/stm32g4xx_hal_pwr_ex.o
 .debug_rnglists
                0x00000849       0x74 ./Drivers/STM32G4xx_HAL_Driver/Src/stm32g4xx_hal_rcc.o
 .debug_rnglists
                0x000008bd       0x87 ./Drivers/STM32G4xx_HAL_Driver/Src/stm32g4xx_hal_rcc_ex.o
 .debug_rnglists
                0x00000944      0x178 ./Drivers/STM32G4xx_HAL_Driver/Src/stm32g4xx_hal_spi.o
 .debug_rnglists
                0x00000abc       0x1f ./FATFS/App/app_fatfs.o
 .debug_rnglists
                0x00000adb       0x2b ./FATFS/Target/user_diskio.o
 .debug_rnglists
                0x00000b06       0x31 ./Middlewares/Third_Party/FatFs/src/diskio.o
 .debug_rnglists
                0x00000b37      0x1a2 ./Middlewares/Third_Party/FatFs/src/ff.o
 .debug_rnglists
                0x00000cd9       0x2c ./Middlewares/Third_Party/FatFs/src/ff_gen_drv.o

.debug_macro    0x00000000    0x20344
 .debug_macro   0x00000000      0x31c ./Core/Src/main.o
 .debug_macro   0x0000031c      0xad8 ./Core/Src/main.o
 .debug_macro   0x00000df4      0x161 ./Core/Src/main.o
 .debug_macro   0x00000f55       0x2e ./Core/Src/main.o
 .debug_macro   0x00000f83       0x28 ./Core/Src/main.o
 .debug_macro   0x00000fab       0x22 ./Core/Src/main.o
 .debug_macro   0x00000fcd       0x8e ./Core/Src/main.o
 .debug_macro   0x0000105b       0x51 ./Core/Src/main.o
 .debug_macro   0x000010ac      0x103 ./Core/Src/main.o
 .debug_macro   0x000011af       0x6a ./Core/Src/main.o
 .debug_macro   0x00001219      0x1df ./Core/Src/main.o
 .debug_macro   0x000013f8       0x1c ./Core/Src/main.o
 .debug_macro   0x00001414       0x22 ./Core/Src/main.o
 .debug_macro   0x00001436       0xfb ./Core/Src/main.o
 .debug_macro   0x00001531     0x1011 ./Core/Src/main.o
 .debug_macro   0x00002542      0x11f ./Core/Src/main.o
 .debug_macro   0x00002661    0x1138f ./Core/Src/main.o
 .debug_macro   0x000139f0       0x6d ./Core/Src/main.o
 .debug_macro   0x00013a5d     0x3558 ./Core/Src/main.o
 .debug_macro   0x00016fb5      0x190 ./Core/Src/main.o
 .debug_macro   0x00017145       0x5c ./Core/Src/main.o
 .debug_macro   0x000171a1     0x141d ./Core/Src/main.o
 .debug_macro   0x000185be      0x535 ./Core/Src/main.o
 .debug_macro   0x00018af3      0x1b6 ./Core/Src/main.o
 .debug_macro   0x00018ca9      0x288 ./Core/Src/main.o
 .debug_macro   0x00018f31      0x41d ./Core/Src/main.o
 .debug_macro   0x0001934e      0x18b ./Core/Src/main.o
 .debug_macro   0x000194d9       0x43 ./Core/Src/main.o
 .debug_macro   0x0001951c      0x23d ./Core/Src/main.o
 .debug_macro   0x00019759     0x1111 ./Core/Src/main.o
 .debug_macro   0x0001a86a      0x72e ./Core/Src/main.o
 .debug_macro   0x0001af98      0x391 ./Core/Src/main.o
 .debug_macro   0x0001b329      0x211 ./Core/Src/main.o
 .debug_macro   0x0001b53a      0x401 ./Core/Src/main.o
 .debug_macro   0x0001b93b      0x107 ./Core/Src/main.o
 .debug_macro   0x0001ba42      0x1c3 ./Core/Src/main.o
 .debug_macro   0x0001bc05      0x122 ./Core/Src/main.o
 .debug_macro   0x0001bd27      0x3d1 ./Core/Src/main.o
 .debug_macro   0x0001c0f8      0x2fe ./Core/Src/main.o
 .debug_macro   0x0001c3f6      0x306 ./Core/Src/main.o
 .debug_macro   0x0001c6fc       0xeb ./Core/Src/main.o
 .debug_macro   0x0001c7e7       0x2a ./Core/Src/main.o
 .debug_macro   0x0001c811       0x61 ./Core/Src/main.o
 .debug_macro   0x0001c872       0x43 ./Core/Src/main.o
 .debug_macro   0x0001c8b5       0x34 ./Core/Src/main.o
 .debug_macro   0x0001c8e9       0x16 ./Core/Src/main.o
 .debug_macro   0x0001c8ff       0x3c ./Core/Src/main.o
 .debug_macro   0x0001c93b      0x364 ./Core/Src/main.o
 .debug_macro   0x0001cc9f       0x16 ./Core/Src/main.o
 .debug_macro   0x0001ccb5       0x4a ./Core/Src/main.o
 .debug_macro   0x0001ccff       0x34 ./Core/Src/main.o
 .debug_macro   0x0001cd33       0x10 ./Core/Src/main.o
 .debug_macro   0x0001cd43       0x58 ./Core/Src/main.o
 .debug_macro   0x0001cd9b       0x8e ./Core/Src/main.o
 .debug_macro   0x0001ce29       0x1c ./Core/Src/main.o
 .debug_macro   0x0001ce45      0x17e ./Core/Src/main.o
 .debug_macro   0x0001cfc3       0x16 ./Core/Src/main.o
 .debug_macro   0x0001cfd9       0x29 ./Core/Src/main.o
 .debug_macro   0x0001d002       0x12 ./Core/Src/main.o
 .debug_macro   0x0001d014       0xe2 ./Core/Src/main.o
 .debug_macro   0x0001d0f6       0x8e ./Core/Src/main.o
 .debug_macro   0x0001d184       0x16 ./Core/Src/main.o
 .debug_macro   0x0001d19a      0x1f2 ./Core/Src/stm32g4xx_hal_msp.o
 .debug_macro   0x0001d38c      0x1fc ./Core/Src/stm32g4xx_it.o
 .debug_macro   0x0001d588      0x1e8 ./Core/Src/system_stm32g4xx.o
 .debug_macro   0x0001d770      0x236 ./Drivers/STM32G4xx_HAL_Driver/Src/stm32g4xx_hal.o
 .debug_macro   0x0001d9a6      0x205 ./Drivers/STM32G4xx_HAL_Driver/Src/stm32g4xx_hal_adc.o
 .debug_macro   0x0001dbab      0x1f4 ./Drivers/STM32G4xx_HAL_Driver/Src/stm32g4xx_hal_adc_ex.o
 .debug_macro   0x0001dd9f      0x1e8 ./Drivers/STM32G4xx_HAL_Driver/Src/stm32g4xx_hal_cortex.o
 .debug_macro   0x0001df87      0x1e8 ./Drivers/STM32G4xx_HAL_Driver/Src/stm32g4xx_hal_dma.o
 .debug_macro   0x0001e16f      0x1ef ./Drivers/STM32G4xx_HAL_Driver/Src/stm32g4xx_hal_gpio.o
 .debug_macro   0x0001e35e      0x1f0 ./Drivers/STM32G4xx_HAL_Driver/Src/stm32g4xx_hal_i2s.o
 .debug_macro   0x0001e54e      0x212 ./Drivers/STM32G4xx_HAL_Driver/Src/stm32g4xx_hal_pwr_ex.o
 .debug_macro   0x0001e760      0x22a ./Drivers/STM32G4xx_HAL_Driver/Src/stm32g4xx_hal_rcc.o
 .debug_macro   0x0001e98a      0x212 ./Drivers/STM32G4xx_HAL_Driver/Src/stm32g4xx_hal_rcc_ex.o
 .debug_macro   0x0001eb9c      0x1f0 ./Drivers/STM32G4xx_HAL_Driver/Src/stm32g4xx_hal_spi.o
 .debug_macro   0x0001ed8c      0x31c ./FATFS/App/app_fatfs.o
 .debug_macro   0x0001f0a8       0xe5 ./FATFS/App/app_fatfs.o
 .debug_macro   0x0001f18d      0x334 ./FATFS/Target/user_diskio.o
 .debug_macro   0x0001f4c1       0x10 ./FATFS/Target/user_diskio.o
 .debug_macro   0x0001f4d1       0x20 ./FATFS/Target/user_diskio.o
 .debug_macro   0x0001f4f1       0x16 ./FATFS/Target/user_diskio.o
 .debug_macro   0x0001f507       0x7c ./FATFS/Target/user_diskio.o
 .debug_macro   0x0001f583       0x56 ./FATFS/Target/user_diskio.o
 .debug_macro   0x0001f5d9      0x304 ./Middlewares/Third_Party/FatFs/src/diskio.o
 .debug_macro   0x0001f8dd      0x70b ./Middlewares/Third_Party/FatFs/src/ff.o
 .debug_macro   0x0001ffe8       0x58 ./Middlewares/Third_Party/FatFs/src/ff.o
 .debug_macro   0x00020040      0x304 ./Middlewares/Third_Party/FatFs/src/ff_gen_drv.o

.debug_line     0x00000000    0x151c6
 .debug_line    0x00000000      0xc30 ./Core/Src/main.o
 .debug_line    0x00000c30      0x8df ./Core/Src/stm32g4xx_hal_msp.o
 .debug_line    0x0000150f      0x857 ./Core/Src/stm32g4xx_it.o
 .debug_line    0x00001d66      0x7fd ./Core/Src/system_stm32g4xx.o
 .debug_line    0x00002563       0x7b ./Core/Startup/startup_stm32g431kbux.o
 .debug_line    0x000025de      0xbcc ./Drivers/STM32G4xx_HAL_Driver/Src/stm32g4xx_hal.o
 .debug_line    0x000031aa     0x1fdb ./Drivers/STM32G4xx_HAL_Driver/Src/stm32g4xx_hal_adc.o
 .debug_line    0x00005185     0x1a0e ./Drivers/STM32G4xx_HAL_Driver/Src/stm32g4xx_hal_adc_ex.o
 .debug_line    0x00006b93      0xd2e ./Drivers/STM32G4xx_HAL_Driver/Src/stm32g4xx_hal_cortex.o
 .debug_line    0x000078c1      0xede ./Drivers/STM32G4xx_HAL_Driver/Src/stm32g4xx_hal_dma.o
 .debug_line    0x0000879f      0xbb5 ./Drivers/STM32G4xx_HAL_Driver/Src/stm32g4xx_hal_gpio.o
 .debug_line    0x00009354     0x10cd ./Drivers/STM32G4xx_HAL_Driver/Src/stm32g4xx_hal_i2s.o
 .debug_line    0x0000a421      0xd28 ./Drivers/STM32G4xx_HAL_Driver/Src/stm32g4xx_hal_pwr_ex.o
 .debug_line    0x0000b149     0x104c ./Drivers/STM32G4xx_HAL_Driver/Src/stm32g4xx_hal_rcc.o
 .debug_line    0x0000c195     0x1179 ./Drivers/STM32G4xx_HAL_Driver/Src/stm32g4xx_hal_rcc_ex.o
 .debug_line    0x0000d30e     0x2077 ./Drivers/STM32G4xx_HAL_Driver/Src/stm32g4xx_hal_spi.o
 .debug_line    0x0000f385      0x9b2 ./FATFS/App/app_fatfs.o
 .debug_line    0x0000fd37      0x9df ./FATFS/Target/user_diskio.o
 .debug_line    0x00010716      0xa0d ./Middlewares/Third_Party/FatFs/src/diskio.o
 .debug_line    0x00011123     0x3696 ./Middlewares/Third_Party/FatFs/src/ff.o
 .debug_line    0x000147b9      0xa0d ./Middlewares/Third_Party/FatFs/src/ff_gen_drv.o

.debug_str      0x00000000    0xca816
 .debug_str     0x00000000    0xca816 ./Core/Src/main.o
                              0xc6334 (size before relaxing)
 .debug_str     0x000ca816    0xc226a ./Core/Src/stm32g4xx_hal_msp.o
 .debug_str     0x000ca816    0xc192f ./Core/Src/stm32g4xx_it.o
 .debug_str     0x000ca816    0xc1788 ./Core/Src/system_stm32g4xx.o
 .debug_str     0x000ca816       0x79 ./Core/Startup/startup_stm32g431kbux.o
 .debug_str     0x000ca816    0xc22c7 ./Drivers/STM32G4xx_HAL_Driver/Src/stm32g4xx_hal.o
 .debug_str     0x000ca816    0xc27b5 ./Drivers/STM32G4xx_HAL_Driver/Src/stm32g4xx_hal_adc.o
 .debug_str     0x000ca816    0xc275b ./Drivers/STM32G4xx_HAL_Driver/Src/stm32g4xx_hal_adc_ex.o
 .debug_str     0x000ca816    0xc1f83 ./Drivers/STM32G4xx_HAL_Driver/Src/stm32g4xx_hal_cortex.o
 .debug_str     0x000ca816    0xc1b62 ./Drivers/STM32G4xx_HAL_Driver/Src/stm32g4xx_hal_dma.o
 .debug_str     0x000ca816    0xc1913 ./Drivers/STM32G4xx_HAL_Driver/Src/stm32g4xx_hal_gpio.o
 .debug_str     0x000ca816    0xc1d2f ./Drivers/STM32G4xx_HAL_Driver/Src/stm32g4xx_hal_i2s.o
 .debug_str     0x000ca816    0xc1c76 ./Drivers/STM32G4xx_HAL_Driver/Src/stm32g4xx_hal_pwr_ex.o
 .debug_str     0x000ca816    0xc1e81 ./Drivers/STM32G4xx_HAL_Driver/Src/stm32g4xx_hal_rcc.o
 .debug_str     0x000ca816    0xc1e82 ./Drivers/STM32G4xx_HAL_Driver/Src/stm32g4xx_hal_rcc_ex.o
 .debug_str     0x000ca816    0xc20ba ./Drivers/STM32G4xx_HAL_Driver/Src/stm32g4xx_hal_spi.o
 .debug_str     0x000ca816    0xc5012 ./FATFS/App/app_fatfs.o
 .debug_str     0x000ca816    0xc4ec3 ./FATFS/Target/user_diskio.o
 .debug_str     0x000ca816    0xc4e54 ./Middlewares/Third_Party/FatFs/src/diskio.o
 .debug_str     0x000ca816    0xc60b7 ./Middlewares/Third_Party/FatFs/src/ff.o
 .debug_str     0x000ca816    0xc4ea5 ./Middlewares/Third_Party/FatFs/src/ff_gen_drv.o

.comment        0x00000000       0x43
 .comment       0x00000000       0x43 ./Core/Src/main.o
                                 0x44 (size before relaxing)
 .comment       0x00000043       0x44 ./Core/Src/stm32g4xx_hal_msp.o
 .comment       0x00000043       0x44 ./Core/Src/stm32g4xx_it.o
 .comment       0x00000043       0x44 ./Core/Src/system_stm32g4xx.o
 .comment       0x00000043       0x44 ./Drivers/STM32G4xx_HAL_Driver/Src/stm32g4xx_hal.o
 .comment       0x00000043       0x44 ./Drivers/STM32G4xx_HAL_Driver/Src/stm32g4xx_hal_adc.o
 .comment       0x00000043       0x44 ./Drivers/STM32G4xx_HAL_Driver/Src/stm32g4xx_hal_adc_ex.o
 .comment       0x00000043       0x44 ./Drivers/STM32G4xx_HAL_Driver/Src/stm32g4xx_hal_cortex.o
 .comment       0x00000043       0x44 ./Drivers/STM32G4xx_HAL_Driver/Src/stm32g4xx_hal_dma.o
 .comment       0x00000043       0x44 ./Drivers/STM32G4xx_HAL_Driver/Src/stm32g4xx_hal_gpio.o
 .comment       0x00000043       0x44 ./Drivers/STM32G4xx_HAL_Driver/Src/stm32g4xx_hal_i2s.o
 .comment       0x00000043       0x44 ./Drivers/STM32G4xx_HAL_Driver/Src/stm32g4xx_hal_pwr_ex.o
 .comment       0x00000043       0x44 ./Drivers/STM32G4xx_HAL_Driver/Src/stm32g4xx_hal_rcc.o
 .comment       0x00000043       0x44 ./Drivers/STM32G4xx_HAL_Driver/Src/stm32g4xx_hal_rcc_ex.o
 .comment       0x00000043       0x44 ./Drivers/STM32G4xx_HAL_Driver/Src/stm32g4xx_hal_spi.o
 .comment       0x00000043       0x44 ./FATFS/App/app_fatfs.o
 .comment       0x00000043       0x44 ./FATFS/Target/user_diskio.o
 .comment       0x00000043       0x44 ./Middlewares/Third_Party/FatFs/src/diskio.o
 .comment       0x00000043       0x44 ./Middlewares/Third_Party/FatFs/src/ff.o
 .comment       0x00000043       0x44 ./Middlewares/Third_Party/FatFs/src/ff_gen_drv.o

.debug_frame    0x00000000     0x4320
 .debug_frame   0x00000000      0x134 ./Core/Src/main.o
 .debug_frame   0x00000134      0x10c ./Core/Src/stm32g4xx_hal_msp.o
 .debug_frame   0x00000240      0x114 ./Core/Src/stm32g4xx_it.o
 .debug_frame   0x00000354       0x50 ./Core/Src/system_stm32g4xx.o
 .debug_frame   0x000003a4      0x480 ./Drivers/STM32G4xx_HAL_Driver/Src/stm32g4xx_hal.o
 .debug_frame   0x00000824      0xa00 ./Drivers/STM32G4xx_HAL_Driver/Src/stm32g4xx_hal_adc.o
 .debug_frame   0x00001224      0x798 ./Drivers/STM32G4xx_HAL_Driver/Src/stm32g4xx_hal_adc_ex.o
 .debug_frame   0x000019bc      0x49c ./Drivers/STM32G4xx_HAL_Driver/Src/stm32g4xx_hal_cortex.o
 .debug_frame   0x00001e58      0x22c ./Drivers/STM32G4xx_HAL_Driver/Src/stm32g4xx_hal_dma.o
 .debug_frame   0x00002084      0x130 ./Drivers/STM32G4xx_HAL_Driver/Src/stm32g4xx_hal_gpio.o
 .debug_frame   0x000021b4      0x424 ./Drivers/STM32G4xx_HAL_Driver/Src/stm32g4xx_hal_i2s.o
 .debug_frame   0x000025d8      0x46c ./Drivers/STM32G4xx_HAL_Driver/Src/stm32g4xx_hal_pwr_ex.o
 .debug_frame   0x00002a44      0x218 ./Drivers/STM32G4xx_HAL_Driver/Src/stm32g4xx_hal_rcc.o
 .debug_frame   0x00002c5c      0x27c ./Drivers/STM32G4xx_HAL_Driver/Src/stm32g4xx_hal_rcc_ex.o
 .debug_frame   0x00002ed8      0x820 ./Drivers/STM32G4xx_HAL_Driver/Src/stm32g4xx_hal_spi.o
 .debug_frame   0x000036f8       0x6c ./FATFS/App/app_fatfs.o
 .debug_frame   0x00003764       0xc4 ./FATFS/Target/user_diskio.o
 .debug_frame   0x00003828       0xe8 ./Middlewares/Third_Party/FatFs/src/diskio.o
 .debug_frame   0x00003910      0x908 ./Middlewares/Third_Party/FatFs/src/ff.o
 .debug_frame   0x00004218       0xbc ./Middlewares/Third_Party/FatFs/src/ff_gen_drv.o
 .debug_frame   0x000042d4       0x20 C:/ST/STM32CubeIDE_2.1.0/STM32CubeIDE/plugins/com.st.stm32cube.ide.mcu.externaltools.gnu-tools-for-stm32.14.3.rel1.win32_1.0.100.202602081740/tools/bin/../lib/gcc/arm-none-eabi/14.3.1/../../../../arm-none-eabi/lib/thumb/v7e-m+fp/hard\libc_nano.a(libc_a-memset.o)
 .debug_frame   0x000042f4       0x2c C:/ST/STM32CubeIDE_2.1.0/STM32CubeIDE/plugins/com.st.stm32cube.ide.mcu.externaltools.gnu-tools-for-stm32.14.3.rel1.win32_1.0.100.202602081740/tools/bin/../lib/gcc/arm-none-eabi/14.3.1/../../../../arm-none-eabi/lib/thumb/v7e-m+fp/hard\libc_nano.a(libc_a-init.o)

.debug_line_str
                0x00000000       0x5d
 .debug_line_str
                0x00000000       0x5d ./Core/Startup/startup_stm32g431kbux.o
